###############################################################################
#
# IAR ELF Linker V8.20.2.14835/W32 for ARM                08/Mar/2018  16:43:28
# Copyright 2007-2017 IAR Systems AB.
#
#    Output file  =  E:\Le Bien\INTERRUPT\Debug\Exe\INT.out
#    Map file     =  E:\Le Bien\INTERRUPT\Debug\List\INT.map
#    Command line =  
#        -f C:\Users\KSK\AppData\Local\Temp\EWC544.tmp ("E:\Le
#        Bien\INTERRUPT\Debug\Obj\main.o" "E:\Le
#        Bien\INTERRUPT\Debug\Obj\misc.o" "E:\Le
#        Bien\INTERRUPT\Debug\Obj\startup_stm32f10x_md.o" "E:\Le
#        Bien\INTERRUPT\Debug\Obj\stm32f10x_adc.o" "E:\Le
#        Bien\INTERRUPT\Debug\Obj\stm32f10x_bkp.o" "E:\Le
#        Bien\INTERRUPT\Debug\Obj\stm32f10x_can.o" "E:\Le
#        Bien\INTERRUPT\Debug\Obj\stm32f10x_cec.o" "E:\Le
#        Bien\INTERRUPT\Debug\Obj\stm32f10x_crc.o" "E:\Le
#        Bien\INTERRUPT\Debug\Obj\stm32f10x_dac.o" "E:\Le
#        Bien\INTERRUPT\Debug\Obj\stm32f10x_dbgmcu.o" "E:\Le
#        Bien\INTERRUPT\Debug\Obj\stm32f10x_dma.o" "E:\Le
#        Bien\INTERRUPT\Debug\Obj\stm32f10x_exti.o" "E:\Le
#        Bien\INTERRUPT\Debug\Obj\stm32f10x_flash.o" "E:\Le
#        Bien\INTERRUPT\Debug\Obj\stm32f10x_fsmc.o" "E:\Le
#        Bien\INTERRUPT\Debug\Obj\stm32f10x_gpio.o" "E:\Le
#        Bien\INTERRUPT\Debug\Obj\stm32f10x_i2c.o" "E:\Le
#        Bien\INTERRUPT\Debug\Obj\stm32f10x_iwdg.o" "E:\Le
#        Bien\INTERRUPT\Debug\Obj\stm32f10x_pwr.o" "E:\Le
#        Bien\INTERRUPT\Debug\Obj\stm32f10x_rcc.o" "E:\Le
#        Bien\INTERRUPT\Debug\Obj\stm32f10x_rtc.o" "E:\Le
#        Bien\INTERRUPT\Debug\Obj\stm32f10x_sdio.o" "E:\Le
#        Bien\INTERRUPT\Debug\Obj\stm32f10x_spi.o" "E:\Le
#        Bien\INTERRUPT\Debug\Obj\stm32f10x_tim.o" "E:\Le
#        Bien\INTERRUPT\Debug\Obj\stm32f10x_usart.o" "E:\Le
#        Bien\INTERRUPT\Debug\Obj\stm32f10x_wwdg.o" "E:\Le
#        Bien\INTERRUPT\Debug\Obj\system_stm32f10x.o" -o "E:\Le
#        Bien\INTERRUPT\Debug\Exe\INT.out" --redirect _Printf=_PrintfFullNoMb
#        --redirect _Scanf=_ScanfFullNoMb --map "E:\Le
#        Bien\INTERRUPT\Debug\List\INT.map" --config "C:\Program Files
#        (x86)\IAR Systems\Embedded Workbench
#        8.0\arm\config\linker\ST\stm32f103x8.icf" --semihosting --entry
#        __iar_program_start --vfe --text_out locale)
#
###############################################################################

*******************************************************************************
*** RUNTIME MODEL ATTRIBUTES
***

CppFlavor       = *
__SystemLibrary = DLib
__dlib_version  = 6


*******************************************************************************
*** HEAP SELECTION
***

The basic heap was selected because no calls to memory allocation
functions were found in the application outside of system library
functions, and there are calls to deallocation functions in the
application.


*******************************************************************************
*** PLACEMENT SUMMARY
***

"A0":  place at 0x08000000 { ro section .intvec };
"P1":  place in [from 0x08000000 to 0x0800ffff] { ro };
define block CSTACK with size = 2K, alignment = 8 { };
define block HEAP with size = 2K, alignment = 8 { };
"P2":  place in [from 0x20000000 to 0x20004fff] {
          rw, block CSTACK, block HEAP };

  Section          Kind        Address   Size  Object
  -------          ----        -------   ----  ------
"A0":                                    0xec
  .intvec          ro code  0x08000000   0xec  startup_stm32f10x_md.o [1]
                          - 0x080000ec   0xec

"P1":                                   0x694
  .text            ro code  0x080000ec  0x158  system_stm32f10x.o [1]
  .text            ro code  0x08000244  0x12c  stm32f10x_gpio.o [1]
  .text            ro code  0x08000370  0x118  main.o [1]
  .text            ro code  0x08000488   0x24  stm32f10x_rcc.o [1]
  .text            ro code  0x080004ac   0xb8  stm32f10x_exti.o [1]
  .text            ro code  0x08000564   0x70  misc.o [1]
  .text            ro code  0x080005d4   0x40  zero_init3.o [4]
  .text            ro code  0x08000614   0x28  data_init.o [4]
  .iar.init_table  const    0x0800063c   0x10  - Linker created -
  .text            ro code  0x0800064c   0x1e  cmain.o [4]
  .text            ro code  0x0800066a    0x4  low_level_init.o [3]
  .text            ro code  0x0800066e    0x4  exit.o [3]
  .text            ro code  0x08000674    0xa  cexit.o [4]
  .text            ro code  0x08000680   0x14  exit.o [5]
  .text            ro code  0x08000694   0x10  startup_stm32f10x_md.o [1]
  .text            ro code  0x080006a4    0xc  cstartup_M.o [4]
  .text            ro code  0x080006b0    0x4  startup_stm32f10x_md.o [1]
  .text            ro code  0x080006b4    0x4  startup_stm32f10x_md.o [1]
  .text            ro code  0x080006b8    0x4  startup_stm32f10x_md.o [1]
  .text            ro code  0x080006bc    0x4  startup_stm32f10x_md.o [1]
  .text            ro code  0x080006c0    0x4  startup_stm32f10x_md.o [1]
  .text            ro code  0x080006c4    0x4  startup_stm32f10x_md.o [1]
  .text            ro code  0x080006c8    0x4  startup_stm32f10x_md.o [1]
  .text            ro code  0x080006cc    0x4  startup_stm32f10x_md.o [1]
  .text            ro code  0x080006d0    0x4  startup_stm32f10x_md.o [1]
  .text            ro code  0x080006d4    0x4  startup_stm32f10x_md.o [1]
  .text            ro code  0x080006d8    0x4  startup_stm32f10x_md.o [1]
  .text            ro code  0x080006dc    0x4  startup_stm32f10x_md.o [1]
  .text            ro code  0x080006e0    0x4  startup_stm32f10x_md.o [1]
  .text            ro code  0x080006e4    0x4  startup_stm32f10x_md.o [1]
  .text            ro code  0x080006e8    0x4  startup_stm32f10x_md.o [1]
  .text            ro code  0x080006ec    0x4  startup_stm32f10x_md.o [1]
  .text            ro code  0x080006f0    0x4  startup_stm32f10x_md.o [1]
  .text            ro code  0x080006f4    0x4  startup_stm32f10x_md.o [1]
  .text            ro code  0x080006f8    0x4  startup_stm32f10x_md.o [1]
  .text            ro code  0x080006fc    0x4  startup_stm32f10x_md.o [1]
  .text            ro code  0x08000700    0x4  startup_stm32f10x_md.o [1]
  .text            ro code  0x08000704    0x4  startup_stm32f10x_md.o [1]
  .text            ro code  0x08000708    0x4  startup_stm32f10x_md.o [1]
  .text            ro code  0x0800070c    0x4  startup_stm32f10x_md.o [1]
  .text            ro code  0x08000710    0x4  startup_stm32f10x_md.o [1]
  .text            ro code  0x08000714    0x4  startup_stm32f10x_md.o [1]
  .text            ro code  0x08000718    0x4  startup_stm32f10x_md.o [1]
  .text            ro code  0x0800071c    0x4  startup_stm32f10x_md.o [1]
  .text            ro code  0x08000720    0x4  startup_stm32f10x_md.o [1]
  .text            ro code  0x08000724    0x4  startup_stm32f10x_md.o [1]
  .text            ro code  0x08000728    0x4  startup_stm32f10x_md.o [1]
  .text            ro code  0x0800072c    0x4  startup_stm32f10x_md.o [1]
  .text            ro code  0x08000730    0x4  startup_stm32f10x_md.o [1]
  .text            ro code  0x08000734    0x4  startup_stm32f10x_md.o [1]
  .text            ro code  0x08000738    0x4  startup_stm32f10x_md.o [1]
  .text            ro code  0x0800073c    0x4  startup_stm32f10x_md.o [1]
  .text            ro code  0x08000740    0x4  startup_stm32f10x_md.o [1]
  .text            ro code  0x08000744    0x4  startup_stm32f10x_md.o [1]
  .text            ro code  0x08000748    0x4  startup_stm32f10x_md.o [1]
  .text            ro code  0x0800074c    0x4  startup_stm32f10x_md.o [1]
  .text            ro code  0x08000750    0x4  startup_stm32f10x_md.o [1]
  .text            ro code  0x08000754    0x4  startup_stm32f10x_md.o [1]
  .text            ro code  0x08000758    0x4  startup_stm32f10x_md.o [1]
  .text            ro code  0x0800075c    0x4  startup_stm32f10x_md.o [1]
  .text            ro code  0x08000760    0x4  startup_stm32f10x_md.o [1]
  .text            ro code  0x08000764    0x4  startup_stm32f10x_md.o [1]
  .text            ro code  0x08000768    0x4  startup_stm32f10x_md.o [1]
  .text            ro code  0x0800076c    0x4  startup_stm32f10x_md.o [1]
  .text            ro code  0x08000770    0x4  startup_stm32f10x_md.o [1]
  .text            ro code  0x08000774    0x4  startup_stm32f10x_md.o [1]
  .text            ro code  0x08000778    0x4  startup_stm32f10x_md.o [1]
  .text            ro code  0x0800077c    0x4  startup_stm32f10x_md.o [1]
  .rodata          const    0x08000780    0x0  zero_init3.o [4]
                          - 0x08000780  0x694

"P2", part 1 of 2:                       0x10
  .bss             zero     0x20000000    0x8  main.o [1]
  .bss             zero     0x20000008    0x4  main.o [1]
  .bss             zero     0x2000000c    0x4  main.o [1]
                          - 0x20000010   0x10

"P2", part 2 of 2:                      0x800
  CSTACK                    0x20000010  0x800  <Block>
    CSTACK         uninit   0x20000010  0x800  <Block tail>
                          - 0x20000810  0x800


*******************************************************************************
*** INIT TABLE
***

          Address     Size
          -------     ----
Zero (__iar_zero_init3)
    1 destination range, total size 0x10:
          0x20000000  0x10



*******************************************************************************
*** MODULE SUMMARY
***

    Module                  ro code  ro data  rw data
    ------                  -------  -------  -------
E:\Le Bien\INTERRUPT\Debug\Obj: [1]
    main.o                      280                16
    misc.o                      112
    startup_stm32f10x_md.o      460
    stm32f10x_exti.o            184
    stm32f10x_gpio.o            300
    stm32f10x_rcc.o              36
    system_stm32f10x.o          344
    -------------------------------------------------
    Total:                    1 716                16

command line: [2]
    -------------------------------------------------
    Total:

dl7M_tln.a: [3]
    exit.o                        4
    low_level_init.o              4
    -------------------------------------------------
    Total:                        8

rt7M_tl.a: [4]
    cexit.o                      10
    cmain.o                      30
    cstartup_M.o                 12
    data_init.o                  40
    zero_init3.o                 64
    -------------------------------------------------
    Total:                      156

shb_l.a: [5]
    exit.o                       20
    -------------------------------------------------
    Total:                       20

    Gaps                          4
    Linker created                        16    2 048
-----------------------------------------------------
    Grand Total:              1 904       16    2 064


*******************************************************************************
*** ENTRY LIST
***

Entry                      Address  Size  Type      Object
-----                      -------  ----  ----      ------
.iar.init_table$$Base   0x0800063c         --   Gb  - Linker created -
.iar.init_table$$Limit  0x0800064c         --   Gb  - Linker created -
?main                   0x0800064d        Code  Gb  cmain.o [4]
CSTACK$$Base            0x20000010         --   Gb  - Linker created -
CSTACK$$Limit           0x20000810         --   Gb  - Linker created -
Delay                   0x0800042b  0x10  Code  Gb  main.o [1]
EXTI0_IRQHandler        0x0800043b  0x30  Code  Gb  main.o [1]
EXTILine0_Config        0x080003bf  0x6c  Code  Gb  main.o [1]
EXTI_GetITStatus        0x08000531  0x20  Code  Gb  stm32f10x_exti.o [1]
EXTI_Init               0x080004ad  0x84  Code  Gb  stm32f10x_exti.o [1]
EXTI_InitStructure      0x20000000   0x8  Data  Gb  main.o [1]
GPIO_Configuration      0x08000399  0x26  Code  Gb  main.o [1]
GPIO_EXTILineConfig     0x08000315  0x56  Code  Gb  stm32f10x_gpio.o [1]
GPIO_Init               0x08000245  0xc4  Code  Gb  stm32f10x_gpio.o [1]
GPIO_InitStructure      0x20000008   0x4  Data  Gb  main.o [1]
GPIO_ResetBits          0x0800030f   0x6  Code  Gb  stm32f10x_gpio.o [1]
GPIO_SetBits            0x08000309   0x6  Code  Gb  stm32f10x_gpio.o [1]
NVIC_Init               0x08000565  0x60  Code  Gb  misc.o [1]
NVIC_InitStructure      0x2000000c   0x4  Data  Gb  main.o [1]
RCC_APB2PeriphClockCmd  0x08000489  0x20  Code  Gb  stm32f10x_rcc.o [1]
Region$$Table$$Base     0x0800063c         --   Gb  - Linker created -
Region$$Table$$Limit    0x0800064c         --   Gb  - Linker created -
SetSysClock             0x08000141   0x8  Code  Lc  system_stm32f10x.o [1]
SetSysClockTo72         0x08000149  0xe0  Code  Lc  system_stm32f10x.o [1]
SystemInit              0x080000ed  0x54  Code  Gb  system_stm32f10x.o [1]
__cmain                 0x0800064d        Code  Gb  cmain.o [4]
__exit                  0x08000681  0x14  Code  Gb  exit.o [5]
__iar_data_init3        0x08000615  0x28  Code  Gb  data_init.o [4]
__iar_program_start     0x080006a5        Code  Gb  cstartup_M.o [4]
__iar_systems$$module {Abs}
                        0x00000001        Data  Gb  command line/config [2]
__iar_zero_init3        0x080005d5  0x40  Code  Gb  zero_init3.o [4]
__low_level_init        0x0800066b   0x4  Code  Gb  low_level_init.o [3]
__vector_table          0x08000000        Data  Gb  startup_stm32f10x_md.o [1]
_call_main              0x08000659        Code  Gb  cmain.o [4]
_exit                   0x08000675        Code  Gb  cexit.o [4]
_main                   0x08000667        Code  Gb  cmain.o [4]
exit                    0x0800066f   0x4  Code  Gb  exit.o [3]
main                    0x08000371  0x28  Code  Gb  main.o [1]


[1] = E:\Le Bien\INTERRUPT\Debug\Obj
[2] = command line
[3] = dl7M_tln.a
[4] = rt7M_tl.a
[5] = shb_l.a

  1 904 bytes of readonly  code memory
     16 bytes of readonly  data memory
  2 064 bytes of readwrite data memory

Errors: none
Warnings: none
