###############################################################################
#
# IAR ELF Linker V8.20.2.14835/W32 for ARM                08/Mar/2018  15:05:44
# Copyright 2007-2017 IAR Systems AB.
#
#    Output file  =  E:\Le Bien\TIMER\Debug\Exe\timer.out
#    Map file     =  E:\Le Bien\TIMER\Debug\List\timer.map
#    Command line =  
#        -f C:\Users\KSK\AppData\Local\Temp\EW48EA.tmp ("E:\Le
#        Bien\TIMER\Debug\Obj\main.o" "E:\Le Bien\TIMER\Debug\Obj\misc.o"
#        "E:\Le Bien\TIMER\Debug\Obj\startup_stm32f10x_md.o" "E:\Le
#        Bien\TIMER\Debug\Obj\stm32f10x_adc.o" "E:\Le
#        Bien\TIMER\Debug\Obj\stm32f10x_bkp.o" "E:\Le
#        Bien\TIMER\Debug\Obj\stm32f10x_can.o" "E:\Le
#        Bien\TIMER\Debug\Obj\stm32f10x_cec.o" "E:\Le
#        Bien\TIMER\Debug\Obj\stm32f10x_crc.o" "E:\Le
#        Bien\TIMER\Debug\Obj\stm32f10x_dac.o" "E:\Le
#        Bien\TIMER\Debug\Obj\stm32f10x_dbgmcu.o" "E:\Le
#        Bien\TIMER\Debug\Obj\stm32f10x_dma.o" "E:\Le
#        Bien\TIMER\Debug\Obj\stm32f10x_exti.o" "E:\Le
#        Bien\TIMER\Debug\Obj\stm32f10x_flash.o" "E:\Le
#        Bien\TIMER\Debug\Obj\stm32f10x_fsmc.o" "E:\Le
#        Bien\TIMER\Debug\Obj\stm32f10x_gpio.o" "E:\Le
#        Bien\TIMER\Debug\Obj\stm32f10x_i2c.o" "E:\Le
#        Bien\TIMER\Debug\Obj\stm32f10x_it.o" "E:\Le
#        Bien\TIMER\Debug\Obj\stm32f10x_iwdg.o" "E:\Le
#        Bien\TIMER\Debug\Obj\stm32f10x_pwr.o" "E:\Le
#        Bien\TIMER\Debug\Obj\stm32f10x_rcc.o" "E:\Le
#        Bien\TIMER\Debug\Obj\stm32f10x_rtc.o" "E:\Le
#        Bien\TIMER\Debug\Obj\stm32f10x_sdio.o" "E:\Le
#        Bien\TIMER\Debug\Obj\stm32f10x_spi.o" "E:\Le
#        Bien\TIMER\Debug\Obj\stm32f10x_tim.o" "E:\Le
#        Bien\TIMER\Debug\Obj\stm32f10x_usart.o" "E:\Le
#        Bien\TIMER\Debug\Obj\stm32f10x_wwdg.o" "E:\Le
#        Bien\TIMER\Debug\Obj\system_stm32f10x.o" -o "E:\Le
#        Bien\TIMER\Debug\Exe\timer.out" --redirect _Printf=_PrintfFullNoMb
#        --redirect _Scanf=_ScanfFullNoMb --map "E:\Le
#        Bien\TIMER\Debug\List\timer.map" --config "C:\Program Files (x86)\IAR
#        Systems\Embedded Workbench 8.0\arm\config\linker\ST\stm32f103x8.icf"
#        --semihosting --entry __iar_program_start --vfe --text_out locale)
#
###############################################################################

*******************************************************************************
*** RUNTIME MODEL ATTRIBUTES
***

CppFlavor       = *
__SystemLibrary = DLib
__dlib_version  = 6


*******************************************************************************
*** HEAP SELECTION
***

The basic heap was selected because no calls to memory allocation
functions were found in the application outside of system library
functions, and there are calls to deallocation functions in the
application.


*******************************************************************************
*** PLACEMENT SUMMARY
***

"A0":  place at 0x08000000 { ro section .intvec };
"P1":  place in [from 0x08000000 to 0x0800ffff] { ro };
define block CSTACK with size = 2K, alignment = 8 { };
define block HEAP with size = 2K, alignment = 8 { };
"P2":  place in [from 0x20000000 to 0x20004fff] {
          rw, block CSTACK, block HEAP };
initialize by copy { rw };

  Section            Kind        Address   Size  Object
  -------            ----        -------   ----  ------
"A0":                                      0xec
  .intvec            ro code  0x08000000   0xec  startup_stm32f10x_md.o [1]
                            - 0x080000ec   0xec

"P1":                                     0x757
  .text              ro code  0x080000ec  0x194  main.o [1]
  .text              ro code  0x08000280  0x124  stm32f10x_tim.o [1]
  .text              ro code  0x080003a4   0x48  stm32f10x_rcc.o [1]
  .text              ro code  0x080003ec   0xd0  stm32f10x_gpio.o [1]
  .text              ro code  0x080004bc   0x70  misc.o [1]
  .text              ro code  0x0800052c  0x158  system_stm32f10x.o [1]
  .text              ro code  0x08000684   0x38  packbits_init_single.o [4]
  .text              ro code  0x080006bc   0x28  data_init.o [4]
  .iar.init_table    const    0x080006e4   0x10  - Linker created -
  .text              ro code  0x080006f4   0x1e  cmain.o [4]
  .text              ro code  0x08000712    0x4  low_level_init.o [3]
  .text              ro code  0x08000716    0x4  exit.o [3]
  .text              ro code  0x0800071c    0xa  cexit.o [4]
  .text              ro code  0x08000728   0x14  exit.o [5]
  .text              ro code  0x0800073c   0x12  stm32f10x_it.o [1]
  .text              ro code  0x08000750   0x10  startup_stm32f10x_md.o [1]
  .text              ro code  0x08000760    0xc  cstartup_M.o [4]
  .text              ro code  0x0800076c    0x4  startup_stm32f10x_md.o [1]
  .text              ro code  0x08000770    0x4  startup_stm32f10x_md.o [1]
  .text              ro code  0x08000774    0x4  startup_stm32f10x_md.o [1]
  .text              ro code  0x08000778    0x4  startup_stm32f10x_md.o [1]
  .text              ro code  0x0800077c    0x4  startup_stm32f10x_md.o [1]
  .text              ro code  0x08000780    0x4  startup_stm32f10x_md.o [1]
  .text              ro code  0x08000784    0x4  startup_stm32f10x_md.o [1]
  .text              ro code  0x08000788    0x4  startup_stm32f10x_md.o [1]
  .text              ro code  0x0800078c    0x4  startup_stm32f10x_md.o [1]
  .text              ro code  0x08000790    0x4  startup_stm32f10x_md.o [1]
  .text              ro code  0x08000794    0x4  startup_stm32f10x_md.o [1]
  .text              ro code  0x08000798    0x4  startup_stm32f10x_md.o [1]
  .text              ro code  0x0800079c    0x4  startup_stm32f10x_md.o [1]
  .text              ro code  0x080007a0    0x4  startup_stm32f10x_md.o [1]
  .text              ro code  0x080007a4    0x4  startup_stm32f10x_md.o [1]
  .text              ro code  0x080007a8    0x4  startup_stm32f10x_md.o [1]
  .text              ro code  0x080007ac    0x4  startup_stm32f10x_md.o [1]
  .text              ro code  0x080007b0    0x4  startup_stm32f10x_md.o [1]
  .text              ro code  0x080007b4    0x4  startup_stm32f10x_md.o [1]
  .text              ro code  0x080007b8    0x4  startup_stm32f10x_md.o [1]
  .text              ro code  0x080007bc    0x4  startup_stm32f10x_md.o [1]
  .text              ro code  0x080007c0    0x4  startup_stm32f10x_md.o [1]
  .text              ro code  0x080007c4    0x4  startup_stm32f10x_md.o [1]
  .text              ro code  0x080007c8    0x4  startup_stm32f10x_md.o [1]
  .text              ro code  0x080007cc    0x4  startup_stm32f10x_md.o [1]
  .text              ro code  0x080007d0    0x4  startup_stm32f10x_md.o [1]
  .text              ro code  0x080007d4    0x4  startup_stm32f10x_md.o [1]
  .text              ro code  0x080007d8    0x4  startup_stm32f10x_md.o [1]
  .text              ro code  0x080007dc    0x4  startup_stm32f10x_md.o [1]
  .text              ro code  0x080007e0    0x4  startup_stm32f10x_md.o [1]
  .text              ro code  0x080007e4    0x4  startup_stm32f10x_md.o [1]
  .text              ro code  0x080007e8    0x4  startup_stm32f10x_md.o [1]
  .text              ro code  0x080007ec    0x4  startup_stm32f10x_md.o [1]
  .text              ro code  0x080007f0    0x4  startup_stm32f10x_md.o [1]
  .text              ro code  0x080007f4    0x4  startup_stm32f10x_md.o [1]
  .text              ro code  0x080007f8    0x4  startup_stm32f10x_md.o [1]
  .text              ro code  0x080007fc    0x4  startup_stm32f10x_md.o [1]
  .text              ro code  0x08000800    0x4  startup_stm32f10x_md.o [1]
  .text              ro code  0x08000804    0x4  startup_stm32f10x_md.o [1]
  .text              ro code  0x08000808    0x4  startup_stm32f10x_md.o [1]
  .text              ro code  0x0800080c    0x4  startup_stm32f10x_md.o [1]
  .text              ro code  0x08000810    0x4  startup_stm32f10x_md.o [1]
  .text              ro code  0x08000814    0x4  startup_stm32f10x_md.o [1]
  .text              ro code  0x08000818    0x4  startup_stm32f10x_md.o [1]
  .text              ro code  0x0800081c    0x4  startup_stm32f10x_md.o [1]
  .text              ro code  0x08000820    0x4  startup_stm32f10x_md.o [1]
  .text              ro code  0x08000824    0x4  startup_stm32f10x_md.o [1]
  .text              ro code  0x08000828    0x4  startup_stm32f10x_md.o [1]
  .text              ro code  0x0800082c    0x4  startup_stm32f10x_md.o [1]
  .text              ro code  0x08000830    0x4  startup_stm32f10x_md.o [1]
  .text              ro code  0x08000834    0x4  startup_stm32f10x_md.o [1]
  .text              ro code  0x08000838    0x4  startup_stm32f10x_md.o [1]
  .rodata            const    0x0800083c    0x0  packbits_init_single.o [4]
  Initializer bytes  const    0x0800083c    0x7  <for P2-1>
                            - 0x08000843  0x757

"P2", part 1 of 2:                         0x20
  P2-1                        0x20000000   0x20  <Init block>
    .data            inited   0x20000000    0x4  system_stm32f10x.o [1]
    .bss             inited   0x20000004    0x4  main.o [1]
    .bss             inited   0x20000008    0x4  main.o [1]
    .bss             inited   0x2000000c    0xc  main.o [1]
    .bss             inited   0x20000018    0x4  main.o [1]
    .bss             inited   0x2000001c    0x4  main.o [1]
                            - 0x20000020   0x20

"P2", part 2 of 2:                        0x800
  CSTACK                      0x20000020  0x800  <Block>
    CSTACK           uninit   0x20000020  0x800  <Block tail>
                            - 0x20000820  0x800


*******************************************************************************
*** INIT TABLE
***

          Address     Size
          -------     ----
Copy/packbits (__iar_packbits_init_single3)
    1 source range, total size 0x7 (21% of destination):
          0x0800083c   0x7
    1 destination range, total size 0x20:
          0x20000000  0x20



*******************************************************************************
*** MODULE SUMMARY
***

    Module                  ro code  ro data  rw data
    ------                  -------  -------  -------
E:\Le Bien\TIMER\Debug\Obj: [1]
    main.o                      404        7       28
    misc.o                      112
    startup_stm32f10x_md.o      460
    stm32f10x_gpio.o            208
    stm32f10x_it.o               18
    stm32f10x_rcc.o              72
    stm32f10x_tim.o             292
    system_stm32f10x.o          344                 4
    -------------------------------------------------
    Total:                    1 910        7       32

command line: [2]
    -------------------------------------------------
    Total:

dl7M_tln.a: [3]
    exit.o                        4
    low_level_init.o              4
    -------------------------------------------------
    Total:                        8

rt7M_tl.a: [4]
    cexit.o                      10
    cmain.o                      30
    cstartup_M.o                 12
    data_init.o                  40
    packbits_init_single.o       56
    -------------------------------------------------
    Total:                      148

shb_l.a: [5]
    exit.o                       20
    -------------------------------------------------
    Total:                       20

    Gaps                          6
    Linker created                        16    2 048
-----------------------------------------------------
    Grand Total:              2 092       23    2 080


*******************************************************************************
*** ENTRY LIST
***

Entry                      Address  Size  Type      Object
-----                      -------  ----  ----      ------
.iar.init_table$$Base   0x080006e4         --   Gb  - Linker created -
.iar.init_table$$Limit  0x080006f4         --   Gb  - Linker created -
?main                   0x080006f5        Code  Gb  cmain.o [4]
BusFault_Handler        0x08000743   0x2  Code  Gb  stm32f10x_it.o [1]
CSTACK$$Base            0x20000020         --   Gb  - Linker created -
CSTACK$$Limit           0x20000820         --   Gb  - Linker created -
DebugMon_Handler        0x08000749   0x2  Code  Gb  stm32f10x_it.o [1]
Delay                   0x08000271  0x10  Code  Gb  main.o [1]
GPIO_Configuration      0x08000119  0x26  Code  Gb  main.o [1]
GPIO_Init               0x080003ed  0xc4  Code  Gb  stm32f10x_gpio.o [1]
GPIO_InitStructure      0x20000004   0x4  Data  Gb  main.o [1]
GPIO_ResetBits          0x080004b7   0x6  Code  Gb  stm32f10x_gpio.o [1]
GPIO_SetBits            0x080004b1   0x6  Code  Gb  stm32f10x_gpio.o [1]
HardFault_Handler       0x0800073f   0x2  Code  Gb  stm32f10x_it.o [1]
MemManage_Handler       0x08000741   0x2  Code  Gb  stm32f10x_it.o [1]
NMI_Handler             0x0800073d   0x2  Code  Gb  stm32f10x_it.o [1]
NVIC_Init               0x080004bd  0x60  Code  Gb  misc.o [1]
NVIC_InitStructure      0x20000008   0x4  Data  Gb  main.o [1]
PendSV_Handler          0x0800074b   0x2  Code  Gb  stm32f10x_it.o [1]
RCC_APB1PeriphClockCmd  0x080003c5  0x20  Code  Gb  stm32f10x_rcc.o [1]
RCC_APB2PeriphClockCmd  0x080003a5  0x20  Code  Gb  stm32f10x_rcc.o [1]
Region$$Table$$Base     0x080006e4         --   Gb  - Linker created -
Region$$Table$$Limit    0x080006f4         --   Gb  - Linker created -
SVC_Handler             0x08000747   0x2  Code  Gb  stm32f10x_it.o [1]
SetSysClock             0x08000581   0x8  Code  Lc  system_stm32f10x.o [1]
SetSysClockTo72         0x08000589  0xe0  Code  Lc  system_stm32f10x.o [1]
SysTick_Handler         0x0800074d   0x2  Code  Gb  stm32f10x_it.o [1]
SystemCoreClock         0x20000000   0x4  Data  Gb  system_stm32f10x.o [1]
SystemInit              0x0800052d  0x54  Code  Gb  system_stm32f10x.o [1]
TIM2_Configuration      0x08000213  0x3a  Code  Gb  main.o [1]
TIM4_IRQHandler         0x080001a9  0x6a  Code  Gb  main.o [1]
TIM4_IRQHandler::time   0x2000001c   0x4  Data  Lc  main.o [1]
TIM_ClearITPendingBit   0x08000373   0x8  Code  Gb  stm32f10x_tim.o [1]
TIM_Cmd                 0x08000313  0x1c  Code  Gb  stm32f10x_tim.o [1]
TIM_GetCounter          0x0800034b   0x4  Code  Gb  stm32f10x_tim.o [1]
TIM_GetITStatus         0x0800034f  0x24  Code  Gb  stm32f10x_tim.o [1]
TIM_ITConfig            0x0800032f  0x18  Code  Gb  stm32f10x_tim.o [1]
TIM_SetCounter          0x08000347   0x4  Code  Gb  stm32f10x_tim.o [1]
TIM_TimeBaseInit        0x08000281  0x92  Code  Gb  stm32f10x_tim.o [1]
TIM_TimeBaseStructure   0x2000000c   0xc  Data  Gb  main.o [1]
TIMbase_Configuration   0x0800013f  0x6a  Code  Gb  main.o [1]
UsageFault_Handler      0x08000745   0x2  Code  Gb  stm32f10x_it.o [1]
__cmain                 0x080006f5        Code  Gb  cmain.o [4]
__exit                  0x08000729  0x14  Code  Gb  exit.o [5]
__iar_data_init3        0x080006bd  0x28  Code  Gb  data_init.o [4]
__iar_packbits_init_single3
                        0x08000685  0x38  Code  Gb  packbits_init_single.o [4]
__iar_program_start     0x08000761        Code  Gb  cstartup_M.o [4]
__iar_systems$$module {Abs}
                        0x00000001        Data  Gb  command line/config [2]
__low_level_init        0x08000713   0x4  Code  Gb  low_level_init.o [3]
__vector_table          0x08000000        Data  Gb  startup_stm32f10x_md.o [1]
_call_main              0x08000701        Code  Gb  cmain.o [4]
_exit                   0x0800071d        Code  Gb  cexit.o [4]
_main                   0x0800070f        Code  Gb  cmain.o [4]
debug                   0x20000018   0x4  Data  Gb  main.o [1]
exit                    0x08000717   0x4  Code  Gb  exit.o [3]
main                    0x080000ed  0x2c  Code  Gb  main.o [1]


[1] = E:\Le Bien\TIMER\Debug\Obj
[2] = command line
[3] = dl7M_tln.a
[4] = rt7M_tl.a
[5] = shb_l.a

  2 092 bytes of readonly  code memory
     23 bytes of readonly  data memory
  2 080 bytes of readwrite data memory

Errors: none
Warnings: none
